warning: host RAM below 64 GiB
env: XPU flags, pointer, Triton add, and host RAM shadow probes passed; container runtime probes failed
Obtaining file:///src
  Checking if build backend supports build_editable: started
  Checking if build backend supports build_editable: finished with status 'done'
  Preparing editable metadata (pyproject.toml): started
  Preparing editable metadata (pyproject.toml): finished with status 'done'
Building wheels for collected packages: tensorfold
  Building editable for tensorfold (pyproject.toml): started
  Building editable for tensorfold (pyproject.toml): finished with status 'done'
  Created wheel for tensorfold: filename=tensorfold-0.6.0-0.editable-py3-none-any.whl size=23763 sha256=67f86cc0788996f2aef59d58f5aed3063f065e5765f76284e868f6f8bfd8b45f
  Stored in directory: /tmp/pip-ephem-wheel-cache-88evs_5p/wheels/02/c7/bd/3c9c4210dc5b9e58e9b44f1c0d7aba86c510d03ee543e925e2
Successfully built tensorfold
Installing collected packages: tensorfold
Successfully installed tensorfold-0.6.0
XPU flags, pointer, Triton add, and host RAM shadow probes passed; container runtime probes failed

triton-smoke: S0 probes: pass
Obtaining file:///src
  Checking if build backend supports build_editable: started
  Checking if build backend supports build_editable: finished with status 'done'
  Preparing editable metadata (pyproject.toml): started
  Preparing editable metadata (pyproject.toml): finished with status 'done'
Building wheels for collected packages: tensorfold
  Building editable for tensorfold (pyproject.toml): started
  Building editable for tensorfold (pyproject.toml): finished with status 'done'
  Created wheel for tensorfold: filename=tensorfold-0.6.0-0.editable-py3-none-any.whl size=23763 sha256=1f129f3ba5a93b6bef327e7c8e1435ade1bc538b3716630417253911f2c81aae
  Stored in directory: /tmp/pip-ephem-wheel-cache-j38uiho9/wheels/02/c7/bd/3c9c4210dc5b9e58e9b44f1c0d7aba86c510d03ee543e925e2
Successfully built tensorfold
Installing collected packages: tensorfold
Successfully installed tensorfold-0.6.0
{
  "ok": true,
  "torch": "2.14.1+xpu",
  "triton": "3.8.0",
  "probes": {
    "available": {
      "ok": true
    },
    "properties": {
      "ok": true,
      "has_fp64": true,
      "sub_group_sizes": [
        16,
        32
      ],
      "has_subgroup_matrix_multiply_accumulate": true,
      "has_subgroup_2d_block_io": true,
      "max_work_group_size": 1024
    },
    "vector_add": {
      "ok": true,
      "n_regs": 128,
      "n_regs_source": "grf_mode",
      "n_spills": 0,
      "threads_per_warp": 32,
      "dpas": false,
      "num_warps": 4,
      "grf_mode": "default"
    },
    "pointer_round_trip": {
      "ok": true,
      "address": 18446697167134392320,
      "high_bit": true,
      "signed_table_value": -46906575159296,
      "source_passed_to_launcher": false,
      "n_regs": 128,
      "n_regs_source": "grf_mode",
      "n_spills": 0,
      "threads_per_warp": 32,
      "dpas": false,
      "num_warps": 4,
      "grf_mode": "default"
    },
    "uint64_mix": {
      "ok": true,
      "elements": 4096,
      "mismatches": 0,
      "n_regs": 128,
      "n_regs_source": "grf_mode",
      "n_spills": 0,
      "threads_per_warp": 32,
      "dpas": false,
      "num_warps": 4,
      "grf_mode": "default"
    },
    "fp64_exp_log": {
      "ok": true,
      "elements": 100000,
      "max_exp_relative_error": 2.3183415178888805e-16,
      "max_log_absolute_error": 7.105427357601002e-15,
      "median_us": 158.3595,
      "repeats": 10,
      "accuracy_threshold": 1e-11,
      "n_regs": 128,
      "n_regs_source": "grf_mode",
      "n_spills": 0,
      "threads_per_warp": 32,
      "dpas": false,
      "num_warps": 4,
      "grf_mode": "default"
    },
    "cast_ranges": {
      "ok": true,
      "bf16_ok": true,
      "input": [
        0.0,
        -0.0,
        1.0,
        1.00390625,
        1.01171875,
        1.401298464324817e-45,
        1.1754943508222875e-38,
        0.001953125,
        0.0009765625,
        448.0,
        449.0,
        464.0,
        480.0,
        -480.0,
        "inf",
        "-inf",
        "nan"
      ],
      "bf16": [
        0.0,
        -0.0,
        1.0,
        1.0,
        1.015625,
        0.0,
        1.1754943508222875e-38,
        0.001953125,
        0.0009765625,
        448.0,
        448.0,
        464.0,
        480.0,
        -480.0,
        "inf",
        "-inf",
        "nan"
      ],
      "fp8_e4nv": [
        0.0,
        -0.0,
        1.0,
        1.0,
        1.0,
        0.0,
        0.0,
        0.001953125,
        0.0,
        448.0,
        448.0,
        448.0,
        448.0,
        -448.0,
        448.0,
        -448.0,
        "nan"
      ],
      "fp8_status": "range observation; serving refused",
      "n_regs": 128,
      "n_regs_source": "grf_mode",
      "n_spills": 0,
      "threads_per_warp": 32,
      "dpas": false,
      "num_warps": 4,
      "grf_mode": "default"
    },
    "debug_barrier": {
      "ok": true,
      "hazard_observed": false,
      "scope": "disjoint channel blocks; in-place same-workgroup read/write; no cross-workgroup fence",
      "production_requirement": "use separate destination; observations do not establish fence semantics",
      "cases": [
        {
          "rows": 1,
          "control_ok": true,
          "hazard_ok": true,
          "hazard_mismatch_launches": 0,
          "repeats": 20,
          "control_kernel": {
            "n_regs": 128,
            "n_regs_source": "grf_mode",
            "n_spills": 0,
            "threads_per_warp": 32,
            "dpas": false,
            "num_warps": 4,
            "grf_mode": "default"
          },
          "hazard_kernel": {
            "n_regs": 128,
            "n_regs_source": "grf_mode",
            "n_spills": 0,
            "threads_per_warp": 32,
            "dpas": false,
            "num_warps": 4,
            "grf_mode": "default"
          }
        },
        {
          "rows": 2,
          "control_ok": true,
          "hazard_ok": true,
          "hazard_mismatch_launches": 0,
          "repeats": 20,
          "control_kernel": {
            "n_regs": 128,
            "n_regs_source": "grf_mode",
            "n_spills": 0,
            "threads_per_warp": 32,
            "dpas": false,
            "num_warps": 4,
            "grf_mode": "default"
          },
          "hazard_kernel": {
            "n_regs": 128,
            "n_regs_source": "grf_mode",
            "n_spills": 0,
            "threads_per_warp": 32,
            "dpas": false,
            "num_warps": 4,
            "grf_mode": "default"
          }
        }
      ]
    },
    "block_m16": {
      "ok": true,
      "hazard_observed": false,
      "cases": [
        {
          "block_m": 16,
          "npid_factor": 1,
          "ok": true,
          "mismatches": 0,
          "n_regs": 128,
          "n_regs_source": "grf_mode",
          "n_spills": 0,
          "threads_per_warp": 16,
          "dpas": true,
          "num_warps": 4,
          "grf_mode": "default"
        },
        {
          "block_m": 16,
          "npid_factor": 3,
          "ok": true,
          "mismatches": 0,
          "n_regs": 128,
          "n_regs_source": "grf_mode",
          "n_spills": 0,
          "threads_per_warp": 16,
          "dpas": true,
          "num_warps": 4,
          "grf_mode": "default"
        },
        {
          "block_m": 32,
          "npid_factor": 1,
          "ok": true,
          "mismatches": 0,
          "n_regs": 128,
          "n_regs_source": "grf_mode",
          "n_spills": 0,
          "threads_per_warp": 16,
          "dpas": true,
          "num_warps": 4,
          "grf_mode": "default"
        },
        {
          "block_m": 32,
          "npid_factor": 3,
          "ok": true,
          "mismatches": 0,
          "n_regs": 128,
          "n_regs_source": "grf_mode",
          "n_spills": 0,
          "threads_per_warp": 16,
          "dpas": true,
          "num_warps": 4,
          "grf_mode": "default"
        },
        {
          "block_m": 64,
          "npid_factor": 1,
          "ok": true,
          "mismatches": 0,
          "n_regs": 128,
          "n_regs_source": "grf_mode",
          "n_spills": 0,
          "threads_per_warp": 16,
          "dpas": true,
          "num_warps": 4,
          "grf_mode": "default"
        },
        {
          "block_m": 64,
          "npid_factor": 3,
          "ok": true,
          "mismatches": 0,
          "n_regs": 128,
          "n_regs_source": "grf_mode",
          "n_spills": 0,
          "threads_per_warp": 16,
          "dpas": true,
          "num_warps": 4,
          "grf_mode": "default"
        }
      ],
      "scope": "reduced shrink/expand with runtime N-axis loop; does not certify full MoE-LoRA kernel",
      "issue": "https://github.com/intel/intel-xpu-backend-for-triton/issues/8121"
    },
    "launch_latency": {
      "ok": true,
      "batch": 20,
      "samples": 10,
      "triton_add": {
        "host_submit_us": 38.594400029978715,
        "device_us": 32.71612499999999
      },
      "torch_add": {
        "host_submit_us": 18.744949920801446,
        "device_us": 12.78905
      }
    }
  },
  "stopped_at": null
}

unit-host: pytest exited 0: 1484 passed, 30 skipped
Obtaining file:///src
  Checking if build backend supports build_editable: started
  Checking if build backend supports build_editable: finished with status 'done'
  Preparing editable metadata (pyproject.toml): started
  Preparing editable metadata (pyproject.toml): finished with status 'done'
Building wheels for collected packages: tensorfold
  Building editable for tensorfold (pyproject.toml): started
  Building editable for tensorfold (pyproject.toml): finished with status 'done'
  Created wheel for tensorfold: filename=tensorfold-0.6.0-0.editable-py3-none-any.whl size=23763 sha256=cb5c238c9af61aa5475a7b9ea4a91cc9a27aaf0ac236b4495d0c25c2df584ce7
  Stored in directory: /tmp/pip-ephem-wheel-cache-4povwil9/wheels/02/c7/bd/3c9c4210dc5b9e58e9b44f1c0d7aba86c510d03ee543e925e2
Successfully built tensorfold
Installing collected packages: tensorfold
Successfully installed tensorfold-0.6.0
........................................................................ [  4%]
........................................................................ [  9%]
........................................................................ [ 14%]
..................................................................ssssss [ 19%]
sssss..ss.ss............................................................ [ 23%]
........................................................................ [ 28%]
........................................................................ [ 33%]
.........................s.............................................. [ 38%]
........................................................................ [ 42%]
........................................................................ [ 47%]
........................................................................ [ 52%]
.....................s....s.s........................................... [ 57%]
........................................................................ [ 61%]
........................................................................ [ 66%]
........................................................................ [ 71%]
..................................ssss.................................. [ 76%]
........................................................................ [ 80%]
s....................................................................... [ 85%]
........................................................................ [ 90%]
...............s..........sss........................................... [ 95%]
........................................................................ [100%]
1484 passed, 30 skipped in 146.45s (0:02:26)

unit-xpu: pytest exited 0: 54 passed, 0 skipped
Obtaining file:///src
  Checking if build backend supports build_editable: started
  Checking if build backend supports build_editable: finished with status 'done'
  Preparing editable metadata (pyproject.toml): started
  Preparing editable metadata (pyproject.toml): finished with status 'done'
Building wheels for collected packages: tensorfold
  Building editable for tensorfold (pyproject.toml): started
  Building editable for tensorfold (pyproject.toml): finished with status 'done'
  Created wheel for tensorfold: filename=tensorfold-0.6.0-0.editable-py3-none-any.whl size=23763 sha256=cda7a0f441648119888f4cb7199ed49b1d8f6a01ed5d586c1924b77dec78bbaf
  Stored in directory: /tmp/pip-ephem-wheel-cache-w0ctzl4r/wheels/02/c7/bd/3c9c4210dc5b9e58e9b44f1c0d7aba86c510d03ee543e925e2
Successfully built tensorfold
Installing collected packages: tensorfold
Successfully installed tensorfold-0.6.0
......................................................                   [100%]
54 passed, 44 deselected in 896.87s (0:14:56)
