warning: host RAM below 64 GiB
env: XPU flags, pointer, Triton add, and host RAM shadow probes passed
Obtaining file:///src
  Checking if build backend supports build_editable: started
  Checking if build backend supports build_editable: finished with status 'done'
  Preparing editable metadata (pyproject.toml): started
  Preparing editable metadata (pyproject.toml): finished with status 'done'
Building wheels for collected packages: tensorfold
  Building editable for tensorfold (pyproject.toml): started
  Building editable for tensorfold (pyproject.toml): finished with status 'done'
  Created wheel for tensorfold: filename=tensorfold-0.6.0-0.editable-py3-none-any.whl size=23763 sha256=174e84baffeebbeb54d8640d35b5d70f6d0d2a816b3c9fd257069ae256f32a4a
  Stored in directory: /tmp/pip-ephem-wheel-cache-ul7cd9wb/wheels/02/c7/bd/3c9c4210dc5b9e58e9b44f1c0d7aba86c510d03ee543e925e2
Successfully built tensorfold
Installing collected packages: tensorfold
Successfully installed tensorfold-0.6.0
XPU flags, pointer, Triton add, and host RAM shadow probes passed

triton-smoke: S0 probes: pass
Obtaining file:///src
  Checking if build backend supports build_editable: started
  Checking if build backend supports build_editable: finished with status 'done'
  Preparing editable metadata (pyproject.toml): started
  Preparing editable metadata (pyproject.toml): finished with status 'done'
Building wheels for collected packages: tensorfold
  Building editable for tensorfold (pyproject.toml): started
  Building editable for tensorfold (pyproject.toml): finished with status 'done'
  Created wheel for tensorfold: filename=tensorfold-0.6.0-0.editable-py3-none-any.whl size=23763 sha256=9ac10143d0cd6e719e15735b9d51c2addfea88a3e7ab326500e7ad5409c637bd
  Stored in directory: /tmp/pip-ephem-wheel-cache-gj3xdqfc/wheels/02/c7/bd/3c9c4210dc5b9e58e9b44f1c0d7aba86c510d03ee543e925e2
Successfully built tensorfold
Installing collected packages: tensorfold
Successfully installed tensorfold-0.6.0
{
  "ok": true,
  "torch": "2.14.1+xpu",
  "triton": "3.8.0",
  "probes": {
    "available": {
      "ok": true
    },
    "properties": {
      "ok": true,
      "has_fp64": true,
      "sub_group_sizes": [
        16,
        32
      ],
      "has_subgroup_matrix_multiply_accumulate": true,
      "has_subgroup_2d_block_io": true,
      "max_work_group_size": 1024
    },
    "vector_add": {
      "ok": true,
      "n_regs": 128,
      "n_regs_source": "grf_mode",
      "n_spills": 0,
      "threads_per_warp": 32,
      "dpas": false,
      "num_warps": 4,
      "grf_mode": "default"
    },
    "pointer_round_trip": {
      "ok": true,
      "address": 18446697167134392320,
      "high_bit": true,
      "signed_table_value": -46906575159296,
      "source_passed_to_launcher": false,
      "n_regs": 128,
      "n_regs_source": "grf_mode",
      "n_spills": 0,
      "threads_per_warp": 32,
      "dpas": false,
      "num_warps": 4,
      "grf_mode": "default"
    },
    "uint64_mix": {
      "ok": true,
      "elements": 4096,
      "mismatches": 0,
      "n_regs": 128,
      "n_regs_source": "grf_mode",
      "n_spills": 0,
      "threads_per_warp": 32,
      "dpas": false,
      "num_warps": 4,
      "grf_mode": "default"
    },
    "fp64_exp_log": {
      "ok": true,
      "elements": 100000,
      "max_exp_relative_error": 2.3183415178888805e-16,
      "max_log_absolute_error": 7.105427357601002e-15,
      "median_us": 157.474,
      "repeats": 10,
      "accuracy_threshold": 1e-11,
      "n_regs": 128,
      "n_regs_source": "grf_mode",
      "n_spills": 0,
      "threads_per_warp": 32,
      "dpas": false,
      "num_warps": 4,
      "grf_mode": "default"
    },
    "cast_ranges": {
      "ok": true,
      "bf16_ok": true,
      "input": [
        0.0,
        -0.0,
        1.0,
        1.00390625,
        1.01171875,
        1.401298464324817e-45,
        1.1754943508222875e-38,
        0.001953125,
        0.0009765625,
        448.0,
        449.0,
        464.0,
        480.0,
        -480.0,
        "inf",
        "-inf",
        "nan"
      ],
      "bf16": [
        0.0,
        -0.0,
        1.0,
        1.0,
        1.015625,
        0.0,
        1.1754943508222875e-38,
        0.001953125,
        0.0009765625,
        448.0,
        448.0,
        464.0,
        480.0,
        -480.0,
        "inf",
        "-inf",
        "nan"
      ],
      "fp8_e4nv": [
        0.0,
        -0.0,
        1.0,
        1.0,
        1.0,
        0.0,
        0.0,
        0.001953125,
        0.0,
        448.0,
        448.0,
        448.0,
        448.0,
        -448.0,
        448.0,
        -448.0,
        "nan"
      ],
      "fp8_status": "range observation; serving refused",
      "n_regs": 128,
      "n_regs_source": "grf_mode",
      "n_spills": 0,
      "threads_per_warp": 32,
      "dpas": false,
      "num_warps": 4,
      "grf_mode": "default"
    },
    "debug_barrier": {
      "ok": true,
      "hazard_observed": false,
      "lowering": "work-group barrier with local and global fences",
      "scope": "disjoint channel blocks; in-place same-workgroup read/write; no cross-workgroup fence",
      "production_requirement": "orders global memory within a work-group only, never across work-groups",
      "cases": [
        {
          "rows": 1,
          "control_ok": true,
          "hazard_ok": true,
          "hazard_mismatch_launches": 0,
          "repeats": 20,
          "control_kernel": {
            "n_regs": 128,
            "n_regs_source": "grf_mode",
            "n_spills": 0,
            "threads_per_warp": 32,
            "dpas": false,
            "num_warps": 4,
            "grf_mode": "default"
          },
          "hazard_kernel": {
            "n_regs": 128,
            "n_regs_source": "grf_mode",
            "n_spills": 0,
            "threads_per_warp": 32,
            "dpas": false,
            "num_warps": 4,
            "grf_mode": "default"
          }
        },
        {
          "rows": 2,
          "control_ok": true,
          "hazard_ok": true,
          "hazard_mismatch_launches": 0,
          "repeats": 20,
          "control_kernel": {
            "n_regs": 128,
            "n_regs_source": "grf_mode",
            "n_spills": 0,
            "threads_per_warp": 32,
            "dpas": false,
            "num_warps": 4,
            "grf_mode": "default"
          },
          "hazard_kernel": {
            "n_regs": 128,
            "n_regs_source": "grf_mode",
            "n_spills": 0,
            "threads_per_warp": 32,
            "dpas": false,
            "num_warps": 4,
            "grf_mode": "default"
          }
        }
      ]
    },
    "block_m16": {
      "ok": true,
      "hazard_observed": false,
      "cases": [
        {
          "block_m": 16,
          "npid_factor": 1,
          "ok": true,
          "mismatches": 0,
          "n_regs": 128,
          "n_regs_source": "grf_mode",
          "n_spills": 0,
          "threads_per_warp": 16,
          "dpas": true,
          "num_warps": 4,
          "grf_mode": "default"
        },
        {
          "block_m": 16,
          "npid_factor": 3,
          "ok": true,
          "mismatches": 0,
          "n_regs": 128,
          "n_regs_source": "grf_mode",
          "n_spills": 0,
          "threads_per_warp": 16,
          "dpas": true,
          "num_warps": 4,
          "grf_mode": "default"
        },
        {
          "block_m": 32,
          "npid_factor": 1,
          "ok": true,
          "mismatches": 0,
          "n_regs": 128,
          "n_regs_source": "grf_mode",
          "n_spills": 0,
          "threads_per_warp": 16,
          "dpas": true,
          "num_warps": 4,
          "grf_mode": "default"
        },
        {
          "block_m": 32,
          "npid_factor": 3,
          "ok": true,
          "mismatches": 0,
          "n_regs": 128,
          "n_regs_source": "grf_mode",
          "n_spills": 0,
          "threads_per_warp": 16,
          "dpas": true,
          "num_warps": 4,
          "grf_mode": "default"
        },
        {
          "block_m": 64,
          "npid_factor": 1,
          "ok": true,
          "mismatches": 0,
          "n_regs": 128,
          "n_regs_source": "grf_mode",
          "n_spills": 0,
          "threads_per_warp": 16,
          "dpas": true,
          "num_warps": 4,
          "grf_mode": "default"
        },
        {
          "block_m": 64,
          "npid_factor": 3,
          "ok": true,
          "mismatches": 0,
          "n_regs": 128,
          "n_regs_source": "grf_mode",
          "n_spills": 0,
          "threads_per_warp": 16,
          "dpas": true,
          "num_warps": 4,
          "grf_mode": "default"
        }
      ],
      "scope": "reduced shrink/expand with runtime N-axis loop; does not certify full MoE-LoRA kernel",
      "issue": "https://github.com/intel/intel-xpu-backend-for-triton/issues/8121"
    },
    "launch_latency": {
      "ok": true,
      "batch": 20,
      "samples": 10,
      "triton_add": {
        "host_submit_us": 37.760350096505135,
        "device_us": 32.200525
      },
      "torch_add": {
        "host_submit_us": 17.864149413071573,
        "device_us": 12.6185
      }
    }
  },
  "stopped_at": null
}

unit-host: pytest exited 0: 1497 passed, 30 skipped
Obtaining file:///src
  Checking if build backend supports build_editable: started
  Checking if build backend supports build_editable: finished with status 'done'
  Preparing editable metadata (pyproject.toml): started
  Preparing editable metadata (pyproject.toml): finished with status 'done'
Building wheels for collected packages: tensorfold
  Building editable for tensorfold (pyproject.toml): started
  Building editable for tensorfold (pyproject.toml): finished with status 'done'
  Created wheel for tensorfold: filename=tensorfold-0.6.0-0.editable-py3-none-any.whl size=23763 sha256=0e348a2bb51db6c67ad19bd087026843d8b1168268c724b028685f44bdf2d3d3
  Stored in directory: /tmp/pip-ephem-wheel-cache-uvyzi9h_/wheels/02/c7/bd/3c9c4210dc5b9e58e9b44f1c0d7aba86c510d03ee543e925e2
Successfully built tensorfold
Installing collected packages: tensorfold
Successfully installed tensorfold-0.6.0
........................................................................ [  4%]
........................................................................ [  9%]
........................................................................ [ 14%]
..................................................................ssssss [ 18%]
sssss..ss.ss............................................................ [ 23%]
........................................................................ [ 28%]
........................................................................ [ 33%]
.........................s.............................................. [ 37%]
........................................................................ [ 42%]
........................................................................ [ 47%]
........................................................................ [ 51%]
.....................s....s.s........................................... [ 56%]
........................................................................ [ 61%]
........................................................................ [ 66%]
........................................................................ [ 70%]
..................................ssss.................................. [ 75%]
........................................................................ [ 80%]
s....................................................................... [ 84%]
........................................................................ [ 89%]
...............s..........sss........................................... [ 94%]
........................................................................ [ 99%]
.............                                                            [100%]
1497 passed, 30 skipped in 146.31s (0:02:26)

unit-xpu: pytest exited 0: 175 passed, 0 skipped
Obtaining file:///src
  Checking if build backend supports build_editable: started
  Checking if build backend supports build_editable: finished with status 'done'
  Preparing editable metadata (pyproject.toml): started
  Preparing editable metadata (pyproject.toml): finished with status 'done'
Building wheels for collected packages: tensorfold
  Building editable for tensorfold (pyproject.toml): started
  Building editable for tensorfold (pyproject.toml): finished with status 'done'
  Created wheel for tensorfold: filename=tensorfold-0.6.0-0.editable-py3-none-any.whl size=23763 sha256=d8f5042b2aa154d207a0f0a0297acf10ae37be1ba6dc052bdc36a0358c6ea1af
  Stored in directory: /tmp/pip-ephem-wheel-cache-v9u2mzb5/wheels/02/c7/bd/3c9c4210dc5b9e58e9b44f1c0d7aba86c510d03ee543e925e2
Successfully built tensorfold
Installing collected packages: tensorfold
Successfully installed tensorfold-0.6.0
........................................................................ [ 41%]
........................................................................ [ 82%]
...............................                                          [100%]
175 passed, 88 deselected in 1175.57s (0:19:35)

kernels:qmm: pytest exited 0: 57 passed, 0 skipped
Obtaining file:///src
  Checking if build backend supports build_editable: started
  Checking if build backend supports build_editable: finished with status 'done'
  Preparing editable metadata (pyproject.toml): started
  Preparing editable metadata (pyproject.toml): finished with status 'done'
Building wheels for collected packages: tensorfold
  Building editable for tensorfold (pyproject.toml): started
  Building editable for tensorfold (pyproject.toml): finished with status 'done'
  Created wheel for tensorfold: filename=tensorfold-0.6.0-0.editable-py3-none-any.whl size=23763 sha256=d73b9e10c2b9640559082826fde9b3566f7be6ff3609705f598efbb8013ef0a2
  Stored in directory: /tmp/pip-ephem-wheel-cache-3tnsspls/wheels/02/c7/bd/3c9c4210dc5b9e58e9b44f1c0d7aba86c510d03ee543e925e2
Successfully built tensorfold
Installing collected packages: tensorfold
Successfully installed tensorfold-0.6.0
.........................................................                [100%]
57 passed, 206 deselected in 763.10s (0:12:43)
