warning: host RAM below 64 GiB
env: XPU flags, pointer, Triton add, and host RAM shadow probes passed
Obtaining file:///src
  Checking if build backend supports build_editable: started
  Checking if build backend supports build_editable: finished with status 'done'
  Preparing editable metadata (pyproject.toml): started
  Preparing editable metadata (pyproject.toml): finished with status 'done'
Building wheels for collected packages: tensorfold
  Building editable for tensorfold (pyproject.toml): started
  Building editable for tensorfold (pyproject.toml): finished with status 'done'
  Created wheel for tensorfold: filename=tensorfold-0.6.0-0.editable-py3-none-any.whl size=23763 sha256=59126787327536e238ef5a865a392301de7a2340ea2e871136e2c80f8c470f12
  Stored in directory: /tmp/pip-ephem-wheel-cache-39gir1xx/wheels/02/c7/bd/3c9c4210dc5b9e58e9b44f1c0d7aba86c510d03ee543e925e2
Successfully built tensorfold
Installing collected packages: tensorfold
Successfully installed tensorfold-0.6.0
XPU flags, pointer, Triton add, and host RAM shadow probes passed

triton-smoke: S0 probes: pass
Obtaining file:///src
  Checking if build backend supports build_editable: started
  Checking if build backend supports build_editable: finished with status 'done'
  Preparing editable metadata (pyproject.toml): started
  Preparing editable metadata (pyproject.toml): finished with status 'done'
Building wheels for collected packages: tensorfold
  Building editable for tensorfold (pyproject.toml): started
  Building editable for tensorfold (pyproject.toml): finished with status 'done'
  Created wheel for tensorfold: filename=tensorfold-0.6.0-0.editable-py3-none-any.whl size=23763 sha256=c218eb9090e2e13793cee53c5804bbf71771470675a8091a36e36bcb79f8d018
  Stored in directory: /tmp/pip-ephem-wheel-cache-olvdv23d/wheels/02/c7/bd/3c9c4210dc5b9e58e9b44f1c0d7aba86c510d03ee543e925e2
Successfully built tensorfold
Installing collected packages: tensorfold
Successfully installed tensorfold-0.6.0
{
  "ok": true,
  "torch": "2.14.1+xpu",
  "triton": "3.8.0",
  "probes": {
    "available": {
      "ok": true
    },
    "properties": {
      "ok": true,
      "has_fp64": true,
      "sub_group_sizes": [
        16,
        32
      ],
      "has_subgroup_matrix_multiply_accumulate": true,
      "has_subgroup_2d_block_io": true,
      "max_work_group_size": 1024
    },
    "vector_add": {
      "ok": true,
      "n_regs": 128,
      "n_regs_source": "grf_mode",
      "n_spills": 0,
      "threads_per_warp": 32,
      "dpas": false,
      "num_warps": 4,
      "grf_mode": "default"
    },
    "pointer_round_trip": {
      "ok": true,
      "address": 18446697167134392320,
      "high_bit": true,
      "signed_table_value": -46906575159296,
      "source_passed_to_launcher": false,
      "n_regs": 128,
      "n_regs_source": "grf_mode",
      "n_spills": 0,
      "threads_per_warp": 32,
      "dpas": false,
      "num_warps": 4,
      "grf_mode": "default"
    },
    "uint64_mix": {
      "ok": true,
      "elements": 4096,
      "mismatches": 0,
      "n_regs": 128,
      "n_regs_source": "grf_mode",
      "n_spills": 0,
      "threads_per_warp": 32,
      "dpas": false,
      "num_warps": 4,
      "grf_mode": "default"
    },
    "fp64_exp_log": {
      "ok": true,
      "elements": 100000,
      "max_exp_relative_error": 2.3183415178888805e-16,
      "max_log_absolute_error": 7.105427357601002e-15,
      "median_us": 155.3125,
      "repeats": 10,
      "accuracy_threshold": 1e-11,
      "n_regs": 128,
      "n_regs_source": "grf_mode",
      "n_spills": 0,
      "threads_per_warp": 32,
      "dpas": false,
      "num_warps": 4,
      "grf_mode": "default"
    },
    "cast_ranges": {
      "ok": true,
      "bf16_ok": true,
      "input": [
        0.0,
        -0.0,
        1.0,
        1.00390625,
        1.01171875,
        1.401298464324817e-45,
        1.1754943508222875e-38,
        0.001953125,
        0.0009765625,
        448.0,
        449.0,
        464.0,
        480.0,
        -480.0,
        "inf",
        "-inf",
        "nan"
      ],
      "bf16": [
        0.0,
        -0.0,
        1.0,
        1.0,
        1.015625,
        0.0,
        1.1754943508222875e-38,
        0.001953125,
        0.0009765625,
        448.0,
        448.0,
        464.0,
        480.0,
        -480.0,
        "inf",
        "-inf",
        "nan"
      ],
      "fp8_e4nv": [
        0.0,
        -0.0,
        1.0,
        1.0,
        1.0,
        0.0,
        0.0,
        0.001953125,
        0.0,
        448.0,
        448.0,
        448.0,
        448.0,
        -448.0,
        448.0,
        -448.0,
        "nan"
      ],
      "fp8_status": "range observation; serving refused",
      "n_regs": 128,
      "n_regs_source": "grf_mode",
      "n_spills": 0,
      "threads_per_warp": 32,
      "dpas": false,
      "num_warps": 4,
      "grf_mode": "default"
    },
    "debug_barrier": {
      "ok": true,
      "hazard_observed": false,
      "scope": "disjoint channel blocks; in-place same-workgroup read/write; no cross-workgroup fence",
      "production_requirement": "use separate destination; observations do not establish fence semantics",
      "cases": [
        {
          "rows": 1,
          "control_ok": true,
          "hazard_ok": true,
          "hazard_mismatch_launches": 0,
          "repeats": 20,
          "control_kernel": {
            "n_regs": 128,
            "n_regs_source": "grf_mode",
            "n_spills": 0,
            "threads_per_warp": 32,
            "dpas": false,
            "num_warps": 4,
            "grf_mode": "default"
          },
          "hazard_kernel": {
            "n_regs": 128,
            "n_regs_source": "grf_mode",
            "n_spills": 0,
            "threads_per_warp": 32,
            "dpas": false,
            "num_warps": 4,
            "grf_mode": "default"
          }
        },
        {
          "rows": 2,
          "control_ok": true,
          "hazard_ok": true,
          "hazard_mismatch_launches": 0,
          "repeats": 20,
          "control_kernel": {
            "n_regs": 128,
            "n_regs_source": "grf_mode",
            "n_spills": 0,
            "threads_per_warp": 32,
            "dpas": false,
            "num_warps": 4,
            "grf_mode": "default"
          },
          "hazard_kernel": {
            "n_regs": 128,
            "n_regs_source": "grf_mode",
            "n_spills": 0,
            "threads_per_warp": 32,
            "dpas": false,
            "num_warps": 4,
            "grf_mode": "default"
          }
        }
      ]
    },
    "block_m16": {
      "ok": true,
      "hazard_observed": false,
      "cases": [
        {
          "block_m": 16,
          "npid_factor": 1,
          "ok": true,
          "mismatches": 0,
          "n_regs": 128,
          "n_regs_source": "grf_mode",
          "n_spills": 0,
          "threads_per_warp": 16,
          "dpas": true,
          "num_warps": 4,
          "grf_mode": "default"
        },
        {
          "block_m": 16,
          "npid_factor": 3,
          "ok": true,
          "mismatches": 0,
          "n_regs": 128,
          "n_regs_source": "grf_mode",
          "n_spills": 0,
          "threads_per_warp": 16,
          "dpas": true,
          "num_warps": 4,
          "grf_mode": "default"
        },
        {
          "block_m": 32,
          "npid_factor": 1,
          "ok": true,
          "mismatches": 0,
          "n_regs": 128,
          "n_regs_source": "grf_mode",
          "n_spills": 0,
          "threads_per_warp": 16,
          "dpas": true,
          "num_warps": 4,
          "grf_mode": "default"
        },
        {
          "block_m": 32,
          "npid_factor": 3,
          "ok": true,
          "mismatches": 0,
          "n_regs": 128,
          "n_regs_source": "grf_mode",
          "n_spills": 0,
          "threads_per_warp": 16,
          "dpas": true,
          "num_warps": 4,
          "grf_mode": "default"
        },
        {
          "block_m": 64,
          "npid_factor": 1,
          "ok": true,
          "mismatches": 0,
          "n_regs": 128,
          "n_regs_source": "grf_mode",
          "n_spills": 0,
          "threads_per_warp": 16,
          "dpas": true,
          "num_warps": 4,
          "grf_mode": "default"
        },
        {
          "block_m": 64,
          "npid_factor": 3,
          "ok": true,
          "mismatches": 0,
          "n_regs": 128,
          "n_regs_source": "grf_mode",
          "n_spills": 0,
          "threads_per_warp": 16,
          "dpas": true,
          "num_warps": 4,
          "grf_mode": "default"
        }
      ],
      "scope": "reduced shrink/expand with runtime N-axis loop; does not certify full MoE-LoRA kernel",
      "issue": "https://github.com/intel/intel-xpu-backend-for-triton/issues/8121"
    },
    "launch_latency": {
      "ok": true,
      "batch": 20,
      "samples": 10,
      "triton_add": {
        "host_submit_us": 38.52139998343773,
        "device_us": 33.125
      },
      "torch_add": {
        "host_submit_us": 18.09467503335327,
        "device_us": 12.486999999999998
      }
    }
  },
  "stopped_at": null
}

unit-host: pytest exited 0: 1479 passed, 30 skipped
Obtaining file:///src
  Checking if build backend supports build_editable: started
  Checking if build backend supports build_editable: finished with status 'done'
  Preparing editable metadata (pyproject.toml): started
  Preparing editable metadata (pyproject.toml): finished with status 'done'
Building wheels for collected packages: tensorfold
  Building editable for tensorfold (pyproject.toml): started
  Building editable for tensorfold (pyproject.toml): finished with status 'done'
  Created wheel for tensorfold: filename=tensorfold-0.6.0-0.editable-py3-none-any.whl size=23763 sha256=5b160c9c306b2b89ba7d184e6a83f055a71213cd18cc6b2b1e69221dae0e3d71
  Stored in directory: /tmp/pip-ephem-wheel-cache-52s6sx2u/wheels/02/c7/bd/3c9c4210dc5b9e58e9b44f1c0d7aba86c510d03ee543e925e2
Successfully built tensorfold
Installing collected packages: tensorfold
Successfully installed tensorfold-0.6.0
........................................................................ [  4%]
........................................................................ [  9%]
........................................................................ [ 14%]
..................................................................ssssss [ 19%]
sssss..ss.ss............................................................ [ 23%]
........................................................................ [ 28%]
........................................................................ [ 33%]
.........................s.............................................. [ 38%]
........................................................................ [ 42%]
........................................................................ [ 47%]
........................................................................ [ 52%]
.....................s....s.s........................................... [ 57%]
........................................................................ [ 62%]
........................................................................ [ 66%]
........................................................................ [ 71%]
..................................ssss.................................. [ 76%]
........................................................................ [ 81%]
s....................................................................... [ 85%]
........................................................................ [ 90%]
...............s..........sss........................................... [ 95%]
...................................................................      [100%]
1479 passed, 30 skipped in 146.12s (0:02:26)

unit-xpu: pytest exited 0: 51 passed, 0 skipped
Obtaining file:///src
  Checking if build backend supports build_editable: started
  Checking if build backend supports build_editable: finished with status 'done'
  Preparing editable metadata (pyproject.toml): started
  Preparing editable metadata (pyproject.toml): finished with status 'done'
Building wheels for collected packages: tensorfold
  Building editable for tensorfold (pyproject.toml): started
  Building editable for tensorfold (pyproject.toml): finished with status 'done'
  Created wheel for tensorfold: filename=tensorfold-0.6.0-0.editable-py3-none-any.whl size=23763 sha256=ea67424fc5e3124ca1ca980aa1e1b0ea775726c96f2164dc21ca09c4862b4853
  Stored in directory: /tmp/pip-ephem-wheel-cache-wkmlkin1/wheels/02/c7/bd/3c9c4210dc5b9e58e9b44f1c0d7aba86c510d03ee543e925e2
Successfully built tensorfold
Installing collected packages: tensorfold
Successfully installed tensorfold-0.6.0
...................................................                      [100%]
51 passed, 44 deselected in 1035.37s (0:17:15)

kernels:glue: pytest exited 0: 3 passed, 0 skipped
Obtaining file:///src
  Checking if build backend supports build_editable: started
  Checking if build backend supports build_editable: finished with status 'done'
  Preparing editable metadata (pyproject.toml): started
  Preparing editable metadata (pyproject.toml): finished with status 'done'
Building wheels for collected packages: tensorfold
  Building editable for tensorfold (pyproject.toml): started
  Building editable for tensorfold (pyproject.toml): finished with status 'done'
  Created wheel for tensorfold: filename=tensorfold-0.6.0-0.editable-py3-none-any.whl size=23763 sha256=02f3e4e9ad58982919ad6763b20a42885bdeedae0b76e8a8a3d2824cd0d434d3
  Stored in directory: /tmp/pip-ephem-wheel-cache-evr0ln13/wheels/02/c7/bd/3c9c4210dc5b9e58e9b44f1c0d7aba86c510d03ee543e925e2
Successfully built tensorfold
Installing collected packages: tensorfold
Successfully installed tensorfold-0.6.0
...                                                                      [100%]
3 passed, 92 deselected in 3.14s

kernels:prefill-attention: pytest exited 0: 3 passed, 0 skipped
Obtaining file:///src
  Checking if build backend supports build_editable: started
  Checking if build backend supports build_editable: finished with status 'done'
  Preparing editable metadata (pyproject.toml): started
  Preparing editable metadata (pyproject.toml): finished with status 'done'
Building wheels for collected packages: tensorfold
  Building editable for tensorfold (pyproject.toml): started
  Building editable for tensorfold (pyproject.toml): finished with status 'done'
  Created wheel for tensorfold: filename=tensorfold-0.6.0-0.editable-py3-none-any.whl size=23763 sha256=f1ff58bcadd415ddded09a407866f216c1f4b33e0a0cbd25175e8aa9d6b0a562
  Stored in directory: /tmp/pip-ephem-wheel-cache-ez7ted_t/wheels/02/c7/bd/3c9c4210dc5b9e58e9b44f1c0d7aba86c510d03ee543e925e2
Successfully built tensorfold
Installing collected packages: tensorfold
Successfully installed tensorfold-0.6.0
...                                                                      [100%]
3 passed, 92 deselected in 128.17s (0:02:08)

kernels:qmm: pytest exited 0: 45 passed, 0 skipped
Obtaining file:///src
  Checking if build backend supports build_editable: started
  Checking if build backend supports build_editable: finished with status 'done'
  Preparing editable metadata (pyproject.toml): started
  Preparing editable metadata (pyproject.toml): finished with status 'done'
Building wheels for collected packages: tensorfold
  Building editable for tensorfold (pyproject.toml): started
  Building editable for tensorfold (pyproject.toml): finished with status 'done'
  Created wheel for tensorfold: filename=tensorfold-0.6.0-0.editable-py3-none-any.whl size=23763 sha256=8de46ca50167f57b2f43bea533b49bbdaadf7ad7be4d01f69bb0ec8194519ad8
  Stored in directory: /tmp/pip-ephem-wheel-cache-k9dojtlz/wheels/02/c7/bd/3c9c4210dc5b9e58e9b44f1c0d7aba86c510d03ee543e925e2
Successfully built tensorfold
Installing collected packages: tensorfold
Successfully installed tensorfold-0.6.0
.............................................                            [100%]
45 passed, 50 deselected in 763.81s (0:12:43)
